s0/t0.ini http:0 ... ok
s0/t0.ini http:1 ... ok

----------------------------------------------------------------------
Ran 2 tests in 0.000s

OK
